0               Requested by user
1               -
2               Import of python module colorama returned an exception
3               Local file "data.py" is missing
4				Update of python pip did not return 0
5				Update of python module colorama did not return 0
6				Integrity check of local file "data.py" returned an AttributeError
7				Update of python module cursor did not return 0
8               Import of python module cursor returned an exception
9				Initialization of python module colorama returned an exception
10				Initialization of python module cursor returned an exception
11              Import of python module time returned an exception